
Merging program properties


As-needed library included to satisfy reference by file (symbol)

libc.so.6                     build/i_video_fbdev.o (puts@@GLIBC_2.2.5)

Discarded input sections

 .rodata.cst4   0x0000000000000000        0x4 /usr/lib/gcc/x86_64-linux-gnu/13/../../../x86_64-linux-gnu/Scrt1.o
 .data          0x0000000000000000        0x4 /usr/lib/gcc/x86_64-linux-gnu/13/../../../x86_64-linux-gnu/Scrt1.o
 .bss           0x0000000000000000        0x0 /usr/lib/gcc/x86_64-linux-gnu/13/../../../x86_64-linux-gnu/Scrt1.o
 .note.GNU-stack
                0x0000000000000000        0x0 /usr/lib/gcc/x86_64-linux-gnu/13/../../../x86_64-linux-gnu/Scrt1.o
 .text          0x0000000000000000        0x0 /usr/lib/gcc/x86_64-linux-gnu/13/../../../x86_64-linux-gnu/crti.o
 .data          0x0000000000000000        0x0 /usr/lib/gcc/x86_64-linux-gnu/13/../../../x86_64-linux-gnu/crti.o
 .bss           0x0000000000000000        0x0 /usr/lib/gcc/x86_64-linux-gnu/13/../../../x86_64-linux-gnu/crti.o
 .note.gnu.property
                0x0000000000000000       0x20 /usr/lib/gcc/x86_64-linux-gnu/13/../../../x86_64-linux-gnu/crti.o
 .note.GNU-stack
                0x0000000000000000        0x0 /usr/lib/gcc/x86_64-linux-gnu/13/../../../x86_64-linux-gnu/crti.o
 .data          0x0000000000000000        0x0 /usr/lib/gcc/x86_64-linux-gnu/13/crtbeginS.o
 .note.GNU-stack
                0x0000000000000000        0x0 /usr/lib/gcc/x86_64-linux-gnu/13/crtbeginS.o
 .note.gnu.property
                0x0000000000000000       0x20 /usr/lib/gcc/x86_64-linux-gnu/13/crtbeginS.o
 .group         0x0000000000000000        0xc build/i_video_fbdev.o
 .group         0x0000000000000000        0xc build/i_video_fbdev.o
 .group         0x0000000000000000        0xc build/i_video_fbdev.o
 .group         0x0000000000000000        0xc build/i_video_fbdev.o
 .group         0x0000000000000000        0xc build/i_video_fbdev.o
 .group         0x0000000000000000        0xc build/i_video_fbdev.o
 .group         0x0000000000000000        0xc build/i_video_fbdev.o
 .group         0x0000000000000000        0xc build/i_video_fbdev.o
 .group         0x0000000000000000        0xc build/i_video_fbdev.o
 .group         0x0000000000000000        0xc build/i_video_fbdev.o
 .group         0x0000000000000000        0xc build/i_video_fbdev.o
 .group         0x0000000000000000        0xc build/i_video_fbdev.o
 .group         0x0000000000000000        0xc build/i_video_fbdev.o
 .group         0x0000000000000000        0xc build/i_video_fbdev.o
 .group         0x0000000000000000        0xc build/i_video_fbdev.o
 .group         0x0000000000000000        0xc build/i_video_fbdev.o
 .group         0x0000000000000000        0xc build/i_video_fbdev.o
 .group         0x0000000000000000        0xc build/i_video_fbdev.o
 .group         0x0000000000000000        0xc build/i_video_fbdev.o
 .group         0x0000000000000000        0xc build/i_video_fbdev.o
 .group         0x0000000000000000        0xc build/i_video_fbdev.o
 .group         0x0000000000000000        0xc build/i_video_fbdev.o
 .group         0x0000000000000000        0xc build/i_video_fbdev.o
 .group         0x0000000000000000        0xc build/i_video_fbdev.o
 .group         0x0000000000000000        0xc build/i_video_fbdev.o
 .group         0x0000000000000000        0xc build/i_video_fbdev.o
 .group         0x0000000000000000        0xc build/i_video_fbdev.o
 .group         0x0000000000000000        0xc build/i_video_fbdev.o
 .group         0x0000000000000000        0xc build/i_video_fbdev.o
 .group         0x0000000000000000        0xc build/i_video_fbdev.o
 .group         0x0000000000000000        0xc build/i_video_fbdev.o
 .group         0x0000000000000000        0xc build/i_video_fbdev.o
 .group         0x0000000000000000        0xc build/i_video_fbdev.o
 .group         0x0000000000000000        0xc build/i_video_fbdev.o
 .group         0x0000000000000000        0xc build/i_video_fbdev.o
 .group         0x0000000000000000        0xc build/i_video_fbdev.o
 .group         0x0000000000000000        0xc build/i_video_fbdev.o
 .group         0x0000000000000000        0xc build/i_video_fbdev.o
 .group         0x0000000000000000        0xc build/i_video_fbdev.o
 .group         0x0000000000000000        0xc build/i_video_fbdev.o
 .group         0x0000000000000000        0xc build/i_video_fbdev.o
 .group         0x0000000000000000        0xc build/i_video_fbdev.o
 .group         0x0000000000000000        0xc build/i_video_fbdev.o
 .group         0x0000000000000000        0xc build/i_video_fbdev.o
 .group         0x0000000000000000        0xc build/i_video_fbdev.o
 .group         0x0000000000000000        0xc build/i_video_fbdev.o
 .group         0x0000000000000000        0xc build/i_video_fbdev.o
 .group         0x0000000000000000        0xc build/i_video_fbdev.o
 .group         0x0000000000000000        0xc build/i_video_fbdev.o
 .group         0x0000000000000000        0xc build/i_video_fbdev.o
[...]
Memory Configuration

Name             Origin             Length             Attributes
*default*        0x0000000000000000 0xffffffffffffffff

Linker script and memory map

LOAD /usr/lib/gcc/x86_64-linux-gnu/13/../../../x86_64-linux-gnu/Scrt1.o
LOAD /usr/lib/gcc/x86_64-linux-gnu/13/../../../x86_64-linux-gnu/crti.o
LOAD /usr/lib/gcc/x86_64-linux-gnu/13/crtbeginS.o
LOAD build/i_video_fbdev.o
LOAD build/i_input_tty.o
LOAD build/i_main.o
LOAD build/dummy.o
LOAD build/am_map.o
LOAD build/doomdef.o
LOAD build/doomstat.o
LOAD build/dstrings.o
LOAD build/d_event.o
LOAD build/d_items.o
LOAD build/d_iwad.o
LOAD build/d_loop.o
LOAD build/d_main.o
LOAD build/d_mode.o
LOAD build/d_net.o
LOAD build/f_finale.o
LOAD build/f_wipe.o
LOAD build/g_game.o
LOAD build/hu_lib.o
LOAD build/hu_stuff.o
LOAD build/info.o
LOAD build/i_cdmus.o
LOAD build/i_endoom.o
LOAD build/i_joystick.o
LOAD build/i_scale.o
LOAD build/i_sound.o
LOAD build/i_system.o
LOAD build/i_timer.o
LOAD build/memio.o
LOAD build/m_argv.o
LOAD build/m_bbox.o
LOAD build/m_cheat.o
LOAD build/m_config.o
LOAD build/m_controls.o
LOAD build/m_fixed.o
LOAD build/m_menu.o
LOAD build/m_misc.o
LOAD build/m_random.o
LOAD build/p_ceilng.o
LOAD build/p_doors.o
LOAD build/p_enemy.o
LOAD build/p_floor.o
LOAD build/p_inter.o
LOAD build/p_lights.o
LOAD build/p_map.o
LOAD build/p_maputl.o
LOAD build/p_mobj.o
LOAD build/p_plats.o
LOAD build/p_pspr.o
LOAD build/p_saveg.o
LOAD build/p_setup.o
LOAD build/p_sight.o
LOAD build/p_spec.o
LOAD build/p_switch.o
LOAD build/p_telept.o
LOAD build/p_tick.o
LOAD build/p_user.o
LOAD build/r_bsp.o
LOAD build/r_data.o
LOAD build/r_draw.o
LOAD build/r_main.o
LOAD build/r_plane.o
LOAD build/r_segs.o
LOAD build/r_sky.o
LOAD build/r_things.o
LOAD build/sha1.o
LOAD build/sounds.o
LOAD build/statdump.o
LOAD build/st_lib.o
LOAD build/st_stuff.o
LOAD build/s_sound.o
LOAD build/tables.o
LOAD build/v_video.o
LOAD build/wi_stuff.o
LOAD build/w_checksum.o
LOAD build/w_file.o
LOAD build/w_file_stdc_unbuffered.o
LOAD build/w_main.o
LOAD build/w_wad.o
LOAD build/z_zone.o
LOAD /usr/lib/gcc/x86_64-linux-gnu/13/../../../x86_64-linux-gnu/libm.so
START GROUP
LOAD /lib/x86_64-linux-gnu/libm.so.6
LOAD /lib/x86_64-linux-gnu/libmvec.so.1
END GROUP
LOAD /usr/lib/gcc/x86_64-linux-gnu/13/../../../x86_64-linux-gnu/libc.so
START GROUP
LOAD /lib/x86_64-linux-gnu/libc.so.6
LOAD /usr/lib/x86_64-linux-gnu/libc_nonshared.a
LOAD /lib64/ld-linux-x86-64.so.2
END GROUP
LOAD /usr/lib/gcc/x86_64-linux-gnu/13/../../../x86_64-linux-gnu/libSDL.so
LOAD /usr/lib/gcc/x86_64-linux-gnu/13/libgcc.a
LOAD /usr/lib/gcc/x86_64-linux-gnu/13/libgcc_s.so
START GROUP
LOAD /usr/lib/gcc/x86_64-linux-gnu/13/../../../x86_64-linux-gnu/libgcc_s.so.1
LOAD /usr/lib/gcc/x86_64-linux-gnu/13/libgcc.a
END GROUP
LOAD /usr/lib/gcc/x86_64-linux-gnu/13/../../../x86_64-linux-gnu/libc.so
START GROUP
LOAD /lib/x86_64-linux-gnu/libc.so.6
LOAD /usr/lib/x86_64-linux-gnu/libc_nonshared.a
LOAD /lib64/ld-linux-x86-64.so.2
END GROUP
LOAD /usr/lib/gcc/x86_64-linux-gnu/13/libgcc.a
LOAD /usr/lib/gcc/x86_64-linux-gnu/13/libgcc_s.so
START GROUP
LOAD /usr/lib/gcc/x86_64-linux-gnu/13/../../../x86_64-linux-gnu/libgcc_s.so.1
LOAD /usr/lib/gcc/x86_64-linux-gnu/13/libgcc.a
END GROUP
LOAD /usr/lib/gcc/x86_64-linux-gnu/13/crtendS.o
LOAD /usr/lib/gcc/x86_64-linux-gnu/13/../../../x86_64-linux-gnu/crtn.o
                [!provide]                        PROVIDE (__executable_start = SEGMENT_START ("text-segment", 0x0))
                0x0000000000000318                . = (SEGMENT_START ("text-segment", 0x0) + SIZEOF_HEADERS)

.interp         0x0000000000000318       0x1c
 *(.interp)
 .interp        0x0000000000000318       0x1c /usr/lib/gcc/x86_64-linux-gnu/13/../../../x86_64-linux-gnu/Scrt1.o

.note.gnu.property
                0x0000000000000338       0x30
 .note.gnu.property
                0x0000000000000338       0x30 /usr/lib/gcc/x86_64-linux-gnu/13/../../../x86_64-linux-gnu/Scrt1.o

.note.gnu.build-id
                0x0000000000000368       0x24
 *(.note.gnu.build-id)
 .note.gnu.build-id
                0x0000000000000368       0x24 /usr/lib/gcc/x86_64-linux-gnu/13/../../../x86_64-linux-gnu/Scrt1.o

.note.ABI-tag   0x000000000000038c       0x20
 .note.ABI-tag  0x000000000000038c       0x20 /usr/lib/gcc/x86_64-linux-gnu/13/../../../x86_64-linux-gnu/Scrt1.o

.hash
 *(.hash)

.gnu.hash       0x00000000000003b0       0x30
 *(.gnu.hash)
 .gnu.hash      0x00000000000003b0       0x30 /usr/lib/gcc/x86_64-linux-gnu/13/../../../x86_64-linux-gnu/Scrt1.o

.dynsym         0x00000000000003e0      0x5d0
 *(.dynsym)
 .dynsym        0x00000000000003e0      0x5d0 /usr/lib/gcc/x86_64-linux-gnu/13/../../../x86_64-linux-gnu/Scrt1.o

.dynstr         0x00000000000009b0      0x27d
 *(.dynstr)
 .dynstr        0x00000000000009b0      0x27d /usr/lib/gcc/x86_64-linux-gnu/13/../../../x86_64-linux-gnu/Scrt1.o

.gnu.version    0x0000000000000c2e       0x7c
 *(.gnu.version)
 .gnu.version   0x0000000000000c2e       0x7c /usr/lib/gcc/x86_64-linux-gnu/13/../../../x86_64-linux-gnu/Scrt1.o

.gnu.version_d  0x0000000000000cb0        0x0
 *(.gnu.version_d)
 .gnu.version_d
                0x0000000000000cb0        0x0 /usr/lib/gcc/x86_64-linux-gnu/13/../../../x86_64-linux-gnu/Scrt1.o

.gnu.version_r  0x0000000000000cb0       0x70
 *(.gnu.version_r)
 .gnu.version_r
                0x0000000000000cb0       0x70 /usr/lib/gcc/x86_64-linux-gnu/13/../../../x86_64-linux-gnu/Scrt1.o

.rela.dyn       0x0000000000000d20     0x75f0
 *(.rela.init)
 *(.rela.text .rela.text.* .rela.gnu.linkonce.t.*)
 .rela.text     0x0000000000000d20        0x0 /usr/lib/gcc/x86_64-linux-gnu/13/../../../x86_64-linux-gnu/Scrt1.o
 *(.rela.fini)
 *(.rela.rodata .rela.rodata.* .rela.gnu.linkonce.r.*)
 *(.rela.data .rela.data.* .rela.gnu.linkonce.d.*)
 .rela.data.rel.ro
                0x0000000000000d20      0x1b0 /usr/lib/gcc/x86_64-linux-gnu/13/../../../x86_64-linux-gnu/Scrt1.o
 .rela.data.rel.local
                0x0000000000000ed0     0x4230 /usr/lib/gcc/x86_64-linux-gnu/13/../../../x86_64-linux-gnu/Scrt1.o
 .rela.data.rel.ro.local
                0x0000000000005100      0x630 /usr/lib/gcc/x86_64-linux-gnu/13/../../../x86_64-linux-gnu/Scrt1.o
 .rela.data.rel
                0x0000000000005730     0x2a60 /usr/lib/gcc/x86_64-linux-gnu/13/../../../x86_64-linux-gnu/Scrt1.o
 *(.rela.tdata .rela.tdata.* .rela.gnu.linkonce.td.*)
 *(.rela.tbss .rela.tbss.* .rela.gnu.linkonce.tb.*)
 *(.rela.ctors)
 *(.rela.dtors)
 *(.rela.got)
 .rela.got      0x0000000000008190      0x120 /usr/lib/gcc/x86_64-linux-gnu/13/../../../x86_64-linux-gnu/Scrt1.o
 *(.rela.bss .rela.bss.* .rela.gnu.linkonce.b.*)
 .rela.bss      0x00000000000082b0       0x30 /usr/lib/gcc/x86_64-linux-gnu/13/../../../x86_64-linux-gnu/Scrt1.o
 *(.rela.ldata .rela.ldata.* .rela.gnu.linkonce.l.*)
 *(.rela.lbss .rela.lbss.* .rela.gnu.linkonce.lb.*)
 *(.rela.lrodata .rela.lrodata.* .rela.gnu.linkonce.lr.*)
 *(.rela.ifunc)
 .rela.ifunc    0x00000000000082e0        0x0 /usr/lib/gcc/x86_64-linux-gnu/13/../../../x86_64-linux-gnu/Scrt1.o
 .rela.fini_array
                0x00000000000082e0       0x18 /usr/lib/gcc/x86_64-linux-gnu/13/../../../x86_64-linux-gnu/Scrt1.o
 .rela.init_array
                0x00000000000082f8       0x18 /usr/lib/gcc/x86_64-linux-gnu/13/../../../x86_64-linux-gnu/Scrt1.o

.rela.plt       0x0000000000008310      0x510
 *(.rela.plt)
 .rela.plt      0x0000000000008310      0x510 /usr/lib/gcc/x86_64-linux-gnu/13/../../../x86_64-linux-gnu/Scrt1.o
 *(.rela.iplt)

.relr.dyn
 *(.relr.dyn)
                0x0000000000009000                . = ALIGN (CONSTANT (MAXPAGESIZE))

.init           0x0000000000009000       0x1b
 *(SORT_NONE(.init))
 .init          0x0000000000009000       0x16 /usr/lib/gcc/x86_64-linux-gnu/13/../../../x86_64-linux-gnu/crti.o
                0x0000000000009000                _init
 .init          0x0000000000009016        0x5 /usr/lib/gcc/x86_64-linux-gnu/13/../../../x86_64-linux-gnu/crtn.o

.plt            0x0000000000009020      0x370
 *(.plt)
 .plt           0x0000000000009020      0x370 /usr/lib/gcc/x86_64-linux-gnu/13/../../../x86_64-linux-gnu/Scrt1.o
 *(.iplt)

.plt.got        0x0000000000009390       0x10
 *(.plt.got)
 .plt.got       0x0000000000009390       0x10 /usr/lib/gcc/x86_64-linux-gnu/13/../../../x86_64-linux-gnu/Scrt1.o
                0x0000000000009390                __cxa_finalize@@GLIBC_2.2.5

.plt.sec        0x00000000000093a0      0x360
 *(.plt.sec)
 .plt.sec       0x00000000000093a0      0x360 /usr/lib/gcc/x86_64-linux-gnu/13/../../../x86_64-linux-gnu/Scrt1.o
                0x00000000000093a0                __ctype_toupper_loc@@GLIBC_2.3
                0x00000000000093b0                __snprintf_chk@@GLIBC_2.3.4
                0x00000000000093c0                free@@GLIBC_2.2.5
                0x00000000000093d0                putchar@@GLIBC_2.2.5
                0x00000000000093e0                strcasecmp@@GLIBC_2.2.5
                0x00000000000093f0                __vfprintf_chk@@GLIBC_2.3.4
                0x0000000000009400                __errno_location@@GLIBC_2.2.5
                0x0000000000009410                strncpy@@GLIBC_2.2.5
                0x0000000000009420                remove@@GLIBC_2.2.5
                0x0000000000009430                strncmp@@GLIBC_2.2.5
                0x0000000000009440                mkdir@@GLIBC_2.2.5
                0x0000000000009450                toupper@@GLIBC_2.2.5
                0x0000000000009460                puts@@GLIBC_2.2.5
                0x0000000000009470                fread@@GLIBC_2.2.5
                0x0000000000009480                atof@@GLIBC_2.2.5
                0x0000000000009490                fcntl@@GLIBC_2.2.5
                0x00000000000094a0                write@@GLIBC_2.2.5
                0x00000000000094b0                fclose@@GLIBC_2.2.5
                0x00000000000094c0                strlen@@GLIBC_2.2.5
                0x00000000000094d0                __stack_chk_fail@@GLIBC_2.4
                0x00000000000094e0                system@@GLIBC_2.2.5
                0x00000000000094f0                strchr@@GLIBC_2.2.5
                0x0000000000009500                strrchr@@GLIBC_2.2.5
                0x0000000000009510                lseek@@GLIBC_2.2.5
                0x0000000000009520                gettimeofday@@GLIBC_2.2.5
                0x0000000000009530                fputs@@GLIBC_2.2.5
                0x0000000000009540                ioctl@@GLIBC_2.2.5
                0x0000000000009550                close@@GLIBC_2.2.5
                0x0000000000009560                read@@GLIBC_2.2.5
                0x0000000000009570                calloc@@GLIBC_2.2.5
                0x0000000000009580                strcmp@@GLIBC_2.2.5
                0x0000000000009590                __memcpy_chk@@GLIBC_2.3.4
                0x00000000000095a0                ftell@@GLIBC_2.2.5
                0x00000000000095b0                malloc@@GLIBC_2.2.5
                0x00000000000095c0                strncasecmp@@GLIBC_2.2.5
                0x00000000000095d0                fflush@@GLIBC_2.2.5
                0x00000000000095e0                __isoc99_sscanf@@GLIBC_2.7
                0x00000000000095f0                fseek@@GLIBC_2.2.5
                0x0000000000009600                __vsnprintf_chk@@GLIBC_2.3.4
                0x0000000000009610                realloc@@GLIBC_2.2.5
                0x0000000000009620                __printf_chk@@GLIBC_2.3.4
                0x0000000000009630                tcgetattr@@GLIBC_2.2.5
                0x0000000000009640                tcsetattr@@GLIBC_2.2.5
                0x0000000000009650                open@@GLIBC_2.2.5
                0x0000000000009660                fopen@@GLIBC_2.2.5
                0x0000000000009670                rename@@GLIBC_2.2.5
                0x0000000000009680                atoi@@GLIBC_2.2.5
                0x0000000000009690                __memset_chk@@GLIBC_2.3.4
                0x00000000000096a0                exit@@GLIBC_2.2.5
                0x00000000000096b0                fwrite@@GLIBC_2.2.5
                0x00000000000096c0                __fprintf_chk@@GLIBC_2.3.4
                0x00000000000096d0                strdup@@GLIBC_2.2.5
                0x00000000000096e0                strstr@@GLIBC_2.2.5
                0x00000000000096f0                usleep@@GLIBC_2.2.5

.text           0x0000000000009700    0x24791
 *(.text.unlikely .text.*_unlikely .text.unlikely.*)
 *(.text.exit .text.exit.*)
 *(.text.startup .text.startup.*)
 .text.startup  0x0000000000009700       0x2c build/i_main.o
                0x0000000000009700                main
 *(.text.hot .text.hot.*)
 *(SORT_BY_NAME(.text.sorted.*))
 *(.text .stub .text.* .gnu.linkonce.t.*)
 *fill*         0x000000000000972c        0x4 
 .text          0x0000000000009730       0x26 /usr/lib/gcc/x86_64-linux-gnu/13/../../../x86_64-linux-gnu/Scrt1.o
                0x0000000000009730                _start
 *fill*         0x0000000000009756        0xa 
 .text          0x0000000000009760       0xb9 /usr/lib/gcc/x86_64-linux-gnu/13/crtbeginS.o
 .text          0x0000000000009819      0x505 build/i_video_fbdev.o
                0x0000000000009819                cmap_to_rgb565
                0x000000000000987a                cmap_to_fb
                0x0000000000009934                I_InitGraphics
                0x0000000000009af1                I_ShutdownGraphics
                0x0000000000009b0f                I_StartFrame
                0x0000000000009b19                I_StartTic
                0x0000000000009b22                I_UpdateNoBlit
                0x0000000000009b27                I_FinishUpdate
                0x0000000000009c2d                I_ReadScreen
                0x0000000000009c40                I_SetPalette
                0x0000000000009ca1                I_GetPaletteIndex
                0x0000000000009cf1                I_BeginRead
                0x0000000000009cf6                I_EndRead
                0x0000000000009cfb                I_SetWindowTitle
                0x0000000000009d00                I_GraphicsCheckCommandLine
                0x0000000000009d05                I_SetGrabMouseCallback
                0x0000000000009d0a                I_EnableLoadingDisk
                0x0000000000009d0f                I_BindVideoVariables
                0x0000000000009d14                I_DisplayFPSDots
                0x0000000000009d19                I_CheckIsScreensaver
 .text          0x0000000000009d1e      0x447 build/i_input_tty.o
                0x0000000000009d1e                tty_is_kbd
                0x0000000000009da6                kbd_shutdown
                0x0000000000009e15                kbd_read
                0x0000000000009e87                I_GetEvent
                0x0000000000009f89                I_InitInput
 .text          0x000000000000a165        0x5 build/dummy.o
                0x000000000000a165                I_InitTimidityConfig
 .text          0x000000000000a16a     0x1789 build/am_map.o
                0x000000000000a16a                AM_getIslope
                0x000000000000a1d0                AM_activateNewScale
                0x000000000000a270                AM_saveScaleAndLoc
                0x000000000000a2a5                AM_restoreScaleAndLoc
                0x000000000000a34e                AM_addMark
                0x000000000000a39f                AM_findMinMaxBoundaries
                0x000000000000a4d1                AM_changeWindowLoc
                0x000000000000a58c                AM_initVariables
                0x000000000000a6da                AM_loadPics
                0x000000000000a75f                AM_unloadPics
                0x000000000000a7ce                AM_clearMarks
                0x000000000000a7f5                AM_LevelInit
                0x000000000000a868                AM_Stop
                0x000000000000a892                AM_Start
                0x000000000000a8f1                AM_minOutWindowScale
                0x000000000000a918                AM_maxOutWindowScale
                0x000000000000a93f                AM_Responder
                0x000000000000ac8d                AM_changeWindowScale
                0x000000000000ace3                AM_doFollowPlayer
                0x000000000000adbc                AM_updateLightLev
                0x000000000000ae0f                AM_Ticker
                0x000000000000ae59                AM_clearFB
                0x000000000000ae79                AM_clipMline
                0x000000000000b142                AM_drawFline
                0x000000000000b25e                AM_drawMline
                0x000000000000b28b                AM_drawGrid
                0x000000000000b393                AM_drawWalls
                0x000000000000b489                AM_rotate
                0x000000000000b509                AM_drawLineCharacter
                0x000000000000b636                AM_drawPlayers
                0x000000000000b724                AM_drawThings
                0x000000000000b798                AM_drawMarks
                0x000000000000b852                AM_drawCrosshair
                0x000000000000b87b                AM_Drawer
 .text          0x000000000000b8f3       0x72 build/d_event.o
                0x000000000000b8f3                D_PostEvent
                0x000000000000b92c                D_PopEvent
 .text          0x000000000000b965      0x402 build/d_iwad.o
                0x000000000000b9d7                D_FindWADByName
                0x000000000000ba80                D_TryFindWADByName
                0x000000000000ba99                D_FindIWAD
                0x000000000000bc54                D_FindAllIWADs
                0x000000000000bcbe                D_SaveGameIWADName
                0x000000000000bcf1                D_SuggestIWADName
                0x000000000000bd29                D_SuggestGameName
 .text          0x000000000000bd67      0x57c build/d_loop.o
                0x000000000000bd67                D_QuitNetGame
                0x000000000000beda                NetUpdate
                0x000000000000bf38                D_ReceiveTic
                0x000000000000bfd0                D_StartGameLoop
                0x000000000000bfe9                D_StartNetGame
                0x000000000000c023                D_InitNetGame
                0x000000000000c049                TryRunTics
                0x000000000000c2d7                D_RegisterLoopCallbacks
 .text          0x000000000000c2e3     0x1517 build/d_main.o
                0x000000000000c2e3                D_GrabMouseCallback
                0x000000000000c361                D_ProcessEvents
                0x000000000000c395                D_BindVariables
                0x000000000000c524                D_PageTicker
                0x000000000000c53b                D_PageDrawer
                0x000000000000c55e                D_Display
                0x000000000000c8b3                D_DoomLoop
                0x000000000000c984                D_AdvanceDemo
                0x000000000000c993                D_DoAdvanceDemo
                0x000000000000cb29                D_StartTitle
                0x000000000000cb4a                D_IdentifyVersion
                0x000000000000cd20                D_SetGameDescription
                0x000000000000cdda                PrintDehackedBanners
                0x000000000000cddf                PrintGameVersion
                0x000000000000ce15                D_DoomMain
 .text          0x000000000000d7fa      0x182 build/d_mode.o
                0x000000000000d7fa                D_ValidGameMode
                0x000000000000d827                D_ValidEpisodeMap
                0x000000000000d89f                D_GetNumEpisodes
                0x000000000000d8be                D_ValidGameVersion
                0x000000000000d8f6                D_IsEpisodeMap
                0x000000000000d911                D_GameMissionString
 .text          0x000000000000d97c      0x444 build/d_net.o
                0x000000000000da51                D_ConnectNetGame
                0x000000000000db62                D_CheckNetGame
 .text          0x000000000000ddc0      0xb65 build/f_finale.o
                0x000000000000ddc0                F_StartFinale
                0x000000000000deaf                F_TextWrite
                0x000000000000dfba                F_StartCast
                0x000000000000e039                F_CastTicker
                0x000000000000e3e8                F_Ticker
                0x000000000000e4b7                F_CastResponder
                0x000000000000e546                F_Responder
                0x000000000000e55b                F_CastPrint
                0x000000000000e608                F_CastDrawer
                0x000000000000e69d                F_DrawPatchCol
                0x000000000000e6f8                F_BunnyScroll
                0x000000000000e8a0                F_Drawer
 .text          0x000000000000e925      0x457 build/f_wipe.o
                0x000000000000e925                wipe_doColorXForm
                0x000000000000e986                wipe_exitColorXForm
                0x000000000000e98d                wipe_doMelt
                0x000000000000eabc                wipe_exitMelt
                0x000000000000eae9                wipe_initColorXForm
                0x000000000000eb06                wipe_shittyColMajorXform
                0x000000000000eb8b                wipe_initMelt
                0x000000000000ec5a                wipe_StartScreen
                0x000000000000ec83                wipe_EndScreen
                0x000000000000ecdc                wipe_ScreenWipe
 .text          0x000000000000ed7c     0x24a2 build/g_game.o
                0x000000000000ed7c                G_CmdChecksum
                0x000000000000ed89                G_BuildTiccmd
                0x000000000000f408                G_DoLoadLevel
                0x000000000000f5a0                G_Responder
                0x000000000000f883                G_PlayerFinishLevel
                0x000000000000f912                G_PlayerReborn
                0x000000000000fa31                G_InitPlayer
                0x000000000000fa3a                G_CheckSpot
                0x000000000000fc4c                G_DeathMatchSpawnPlayer
                0x000000000000fce9                G_DoReborn
                0x000000000000fdb3                G_ScreenShot
                0x000000000000fdc2                G_ExitLevel
                0x000000000000fdd9                G_SecretExitLevel
                0x000000000000fe20                G_DoCompleted
                0x00000000000100eb                G_WorldDone
                0x0000000000010157                G_DoWorldDone
                0x000000000001018b                G_LoadGame
                0x00000000000101b0                G_SaveGame
                0x00000000000101d8                G_DoSaveGame
                0x0000000000010330                G_DeferedInitNew
                0x0000000000010351                G_InitNew
                0x0000000000010588                G_DoLoadGame
                0x0000000000010644                G_DoNewGame
                0x00000000000106ae                G_RecordDemo
                0x0000000000010755                G_VanillaVersionCode
                0x0000000000010797                G_BeginRecording
                0x00000000000108fa                G_DeferedPlayDemo
                0x0000000000010910                G_DoPlayDemo
                0x0000000000010b75                G_TimeDemo
                0x0000000000010bb6                G_CheckDemoStatus
                0x0000000000010ce8                G_ReadDemoTiccmd
                0x0000000000010d75                G_WriteDemoTiccmd
                0x0000000000010eb9                G_Ticker
 .text          0x000000000001121e      0x4ed build/hu_lib.o
                0x000000000001121e                HUlib_init
                0x0000000000011223                HUlib_clearTextLine
                0x0000000000011239                HUlib_initTextLine
                0x000000000001125c                HUlib_addCharToTextLine
                0x000000000001128d                HUlib_delCharFromTextLine
                0x00000000000112b5                HUlib_drawTextLine
                0x0000000000011369                HUlib_eraseTextLine
                0x0000000000011414                HUlib_initSText
                0x0000000000011484                HUlib_addLineToSText
                0x00000000000114d4                HUlib_addMessageToSText
                0x000000000001152e                HUlib_drawSText
                0x0000000000011576                HUlib_eraseSText
                0x00000000000115cf                HUlib_initIText
                0x0000000000011605                HUlib_delCharFromIText
                0x0000000000011617                HUlib_eraseLineFromIText
                0x000000000001162b                HUlib_resetIText
                0x0000000000011646                HUlib_addPrefixToIText
                0x0000000000011666                HUlib_keyInIText
                0x00000000000116bc                HUlib_drawIText
                0x00000000000116d4                HUlib_eraseIText
 .text          0x000000000001170b      0x764 build/hu_stuff.o
                0x000000000001170b                HU_Init
                0x0000000000011795                HU_Stop
                0x00000000000117a2                HU_Start
                0x000000000001196a                HU_Drawer
                0x00000000000119a1                HU_Erase
                0x00000000000119cb                HU_Ticker
                0x0000000000011b8d                HU_queueChatChar
                0x0000000000011bce                HU_dequeueChatChar
                0x0000000000011bfd                HU_Responder
 .text          0x0000000000011e6f        0x5 build/i_endoom.o
                0x0000000000011e6f                I_Endoom
 .text          0x0000000000011e74      0x124 build/i_joystick.o
                0x0000000000011e74                I_ShutdownJoystick
                0x0000000000011e79                I_InitJoystick
                0x0000000000011e7e                I_UpdateJoystick
                0x0000000000011e83                I_BindJoystickVariables
 .text          0x0000000000011f98      0x287 build/i_sound.o
                0x0000000000011f98                I_InitSound
                0x0000000000012016                I_ShutdownSound
                0x0000000000012052                I_GetSfxLumpNum
                0x0000000000012068                I_UpdateSound
                0x00000000000120ae                I_UpdateSoundParams
                0x00000000000120e4                I_StartSound
                0x0000000000012126                I_StopSound
                0x000000000001213a                I_SoundIsPlaying
                0x0000000000012150                I_PrecacheSounds
                0x000000000001216c                I_InitMusic
                0x0000000000012171                I_ShutdownMusic
                0x0000000000012176                I_SetMusicVolume
                0x000000000001218a                I_PauseSong
                0x000000000001219e                I_ResumeSong
                0x00000000000121b2                I_RegisterSong
                0x00000000000121c8                I_UnRegisterSong
                0x00000000000121dc                I_PlaySong
                0x00000000000121f0                I_StopSong
                0x0000000000012204                I_MusicIsPlaying
                0x000000000001221a                I_BindSoundVariables
 .text          0x000000000001221f      0x59d build/i_system.o
                0x000000000001221f                I_AtExit
                0x0000000000012251                I_Tactile
                0x0000000000012256                I_PrintBanner
                0x0000000000012293                I_PrintDivider
                0x00000000000122b6                I_PrintStartupBanner
                0x00000000000122e9                I_ConsoleStdout
                0x00000000000122f0                I_Quit
                0x000000000001230b                I_Error
                0x0000000000012560                I_ZoneBase
                0x00000000000125e4                I_GetMemoryValue
 .text          0x00000000000127bc       0xbf build/i_timer.o
                0x00000000000127bc                I_GetTicks
                0x0000000000012814                I_GetTime
                0x0000000000012841                I_GetTimeMS
                0x0000000000012862                I_Sleep
                0x0000000000012871                I_WaitVBL
                0x0000000000012876                I_InitTimer
 .text          0x000000000001287b       0x9b build/m_argv.o
                0x000000000001287b                M_CheckParmWithArgs
                0x00000000000128cb                M_CheckParm
                0x00000000000128d3                M_ParmExists
                0x00000000000128e7                M_FindResponseFile
                0x00000000000128ec                M_GetExecutableName
 .text          0x0000000000012916       0x45 build/m_bbox.o
                0x0000000000012916                M_ClearBox
                0x0000000000012935                M_AddToBox
 .text          0x000000000001295b       0xa4 build/m_cheat.o
                0x000000000001295b                cht_CheckCheat
                0x00000000000129ea                cht_GetParam
 .text          0x00000000000129ff      0x3c3 build/m_config.o
                0x0000000000012aee                M_SetConfigFilenames
                0x0000000000012b01                M_SaveDefaults
                0x0000000000012b06                M_SaveDefaultsAlternate
                0x0000000000012b0b                M_LoadDefaults
                0x0000000000012be5                M_BindVariable
                0x0000000000012bff                M_SetVariable
                0x0000000000012c9a                M_GetIntVariable
                0x0000000000012cc1                M_GetStrVariable
                0x0000000000012ce9                M_GetFloatVariable
                0x0000000000012d11                M_SetConfigDir
                0x0000000000012d6f                M_GetSaveGameDir
 .text          0x0000000000012dc2      0x974 build/m_controls.o
                0x0000000000012dc2                M_BindBaseControls
                0x0000000000012fc9                M_BindHereticControls
                0x000000000001307a                M_BindHexenControls
                0x0000000000013151                M_BindStrifeControls
                0x00000000000132c3                M_BindWeaponControls
                0x00000000000133d3                M_BindMapControls
                0x00000000000134bd                M_BindMenuControls
                0x000000000001369e                M_BindChatControls
                0x0000000000013731                M_ApplyPlatformDefaults
 .text          0x0000000000013736       0x4c build/m_fixed.o
                0x0000000000013736                FixedMul
                0x000000000001374c                FixedDiv
 .text          0x0000000000013782     0x1bfb build/m_menu.o
                0x0000000000013782                M_ChangeMessages
                0x00000000000137d1                M_DrawReadThis2
                0x00000000000137fe                M_DrawMainMenu
                0x0000000000013827                M_DrawNewGame
                0x0000000000013873                M_DrawEpisode
                0x000000000001389c                M_LoadSelect
                0x0000000000013906                M_SaveSelect
                0x0000000000013966                M_DrawReadThis1
                0x0000000000013a34                M_SfxVol
                0x0000000000013a6f                M_MusicVol
                0x0000000000013aaa                M_SizeDisplay
                0x0000000000013b00                M_ChangeSensitivity
                0x0000000000013b2f                M_QuitResponse
                0x0000000000013b85                M_ChangeDetail
                0x0000000000013bed                M_QuickLoadResponse
                0x0000000000013c13                M_VerifyNightmare
                0x0000000000013c43                M_EndGameResponse
                0x0000000000013c6f                M_ReadSaveStrings
                0x0000000000013d50                M_DrawSaveLoadBorder
                0x0000000000013dd4                M_DoSave
                0x0000000000013e0d                M_QuickSaveResponse
                0x0000000000013e33                M_DrawThermo
                0x0000000000013f01                M_DrawSound
                0x0000000000013f6d                M_DrawOptions
                0x000000000001404c                M_DrawEmptyCell
                0x0000000000014086                M_DrawSelCell
                0x00000000000140c0                M_StartMessage
                0x00000000000140f9                M_QuickLoad
                0x0000000000014177                M_EndGame
                0x00000000000141bc                M_QuitDOOM
                0x000000000001422e                M_ChooseSkill
                0x000000000001426d                M_StopMessage
                0x0000000000014286                M_StringWidth
                0x00000000000142e2                M_StringHeight
                0x0000000000014319                M_WriteText
                0x0000000000014393                M_DrawLoad
                0x0000000000014403                M_DrawSave
                0x00000000000144bd                M_StartControlPanel
                0x00000000000144f0                M_Drawer
                0x000000000001472a                M_ClearMenus
                0x0000000000014737                M_SetupNextMenu
                0x000000000001474d                M_LoadGame
                0x000000000001477d                M_SaveGame
                0x00000000000147b7                M_QuickSave
                0x0000000000014853                M_Responder
                0x000000000001518a                M_Sound
                0x000000000001519a                M_NewGame
                0x00000000000151e5                M_Episode
                0x0000000000015242                M_Options
                0x0000000000015252                M_ReadThis
                0x0000000000015262                M_FinishReadThis
                0x0000000000015272                M_ReadThis2
                0x000000000001529b                M_Ticker
                0x00000000000152c6                M_Init
 .text          0x000000000001537d      0x758 build/m_misc.o
                0x000000000001537d                M_MakeDirectory
                0x000000000001538b                M_FileExists
                0x00000000000153c0                M_FileLength
                0x0000000000015402                M_WriteFile
                0x0000000000015450                M_ReadFile
                0x00000000000154fb                M_StrToInt
                0x0000000000015574                M_ExtractFileBase
                0x00000000000155e9                M_ForceUppercase
                0x0000000000015613                M_StrCaseStr
                0x0000000000015677                M_StringDuplicate
                0x00000000000156b6                M_StringCopy
                0x00000000000156eb                M_StringReplace
                0x00000000000157d2                M_StringConcat
                0x000000000001580e                M_StringStartsWith
                0x000000000001584e                M_StringEndsWith
                0x0000000000015890                M_StringJoin
                0x00000000000159c5                M_TempFile
                0x00000000000159e3                M_vsnprintf
                0x0000000000015a25                M_snprintf
 .text          0x0000000000015ad5       0x55 build/m_random.o
                0x0000000000015ad5                P_Random
                0x0000000000015af6                M_Random
                0x0000000000015b17                M_ClearRandom
 .text          0x0000000000015b2a      0x38b build/p_ceilng.o
                0x0000000000015b2a                P_AddActiveCeiling
                0x0000000000015b4f                P_RemoveActiveCeiling
                0x0000000000015b8e                T_MoveCeiling
                0x0000000000015cea                P_ActivateInStasisCeiling
                0x0000000000015d32                EV_DoCeiling
                0x0000000000015e6a                EV_CeilingCrushStop
 .text          0x0000000000015eb5      0x6d7 build/p_doors.o
                0x0000000000015eb5                T_VerticalDoor
                0x0000000000016048                EV_DoDoor
                0x00000000000161d0                EV_DoLockedDoor
                0x0000000000016271                EV_VerticalDoor
                0x00000000000164c0                P_SpawnDoorCloseIn30
                0x0000000000016517                P_SpawnDoorRaiseIn5Mins
 .text          0x000000000001658c     0x2083 build/p_enemy.o
                0x000000000001658c                PIT_VileCheck
                0x0000000000016636                P_RecursiveSound
                0x00000000000166e9                P_NoiseAlert
                0x0000000000016708                P_CheckMeleeRange
                0x0000000000016763                P_CheckMissileRange
                0x000000000001683e                P_Move
                0x0000000000016960                P_TryWalk
                0x0000000000016986                P_NewChaseDir
                0x0000000000016baa                P_LookForPlayers
                0x0000000000016cb7                A_KeenDie
                0x0000000000016d46                A_Look
                0x0000000000016e0e                A_Chase
                0x0000000000017007                A_FaceTarget
                0x0000000000017061                A_PosAttack
                0x00000000000170e4                A_SPosAttack
                0x0000000000017180                A_CPosAttack
                0x0000000000017203                A_CPosRefire
                0x0000000000017250                A_SpidRefire
                0x000000000001729d                A_BspiAttack
                0x00000000000172d4                A_TroopAttack
                0x000000000001733f                A_SargAttack
                0x000000000001738c                A_HeadAttack
                0x00000000000173ea                A_CyberAttack
                0x0000000000017421                A_BruisAttack
                0x0000000000017484                A_SkelMissile
                0x00000000000174da                A_Tracer
                0x0000000000017648                A_SkelWhoosh
                0x0000000000017678                A_SkelFist
                0x00000000000176e4                A_VileChase
                0x0000000000017860                A_VileStart
                0x000000000001786e                A_Fire
                0x0000000000017914                A_StartFire
                0x0000000000017939                A_FireCrackle
                0x000000000001795e                A_VileTarget
                0x00000000000179b4                A_VileAttack
                0x0000000000017aa8                A_FatRaise
                0x0000000000017acd                A_FatAttack1
                0x0000000000017b65                A_FatAttack2
                0x0000000000017bfd                A_FatAttack3
                0x0000000000017ce3                A_SkullAttack
                0x0000000000017d98                A_PainShootSkull
                0x0000000000017ebe                A_PainAttack
                0x0000000000017eec                A_PainDie
                0x0000000000017f2c                A_Scream
                0x0000000000017f93                A_XScream
                0x0000000000017fa1                A_Pain
                0x0000000000017fb9                A_Fall
                0x0000000000017fc5                A_Explode
                0x0000000000017fda                A_BossDeath
                0x00000000000181be                A_Hoof
                0x00000000000181e3                A_Metal
                0x0000000000018208                A_BabyMetal
                0x000000000001822d                A_OpenShotgun2
                0x000000000001823e                A_LoadShotgun2
                0x000000000001824f                A_CloseShotgun2
                0x0000000000018277                A_BrainAwake
                0x00000000000182e4                A_BrainPain
                0x00000000000182f4                A_BrainScream
                0x0000000000018394                A_BrainExplode
                0x000000000001841a                A_BrainDie
                0x0000000000018423                A_BrainSpit
                0x00000000000184b7                A_SpawnFly
                0x00000000000185c3                A_SpawnSound
                0x00000000000185e8                A_PlayerScream
 .text          0x000000000001860f      0x6a0 build/p_floor.o
                0x000000000001860f                T_MovePlane
                0x000000000001871e                T_MoveFloor
                0x00000000000187b4                EV_DoFloor
                0x0000000000018b06                EV_BuildStairs
 .text          0x0000000000018caf      0xdff build/p_inter.o
                0x0000000000018caf                P_GiveAmmo
                0x0000000000018dd1                P_GiveWeapon
                0x0000000000018ed0                P_GiveBody
                0x0000000000018efe                P_GiveArmor
                0x0000000000018f18                P_GiveCard
                0x0000000000018f3b                P_GivePower
                0x0000000000018fba                P_TouchSpecialThing
                0x00000000000195da                P_KillMobj
                0x000000000001979f                P_DamageMobj
 .text          0x0000000000019aae      0x3d1 build/p_lights.o
                0x0000000000019aae                T_StrobeFlash
                0x0000000000019add                T_Glow
                0x0000000000019b2e                T_FireFlicker
                0x0000000000019b6a                T_LightFlash
                0x0000000000019bab                P_SpawnFireFlicker
                0x0000000000019c06                P_SpawnLightFlash
                0x0000000000019c71                P_SpawnStrobeFlash
                0x0000000000019cf9                EV_StartLightStrobing
                0x0000000000019d3d                EV_TurnTagLightsOff
                0x0000000000019daf                EV_LightTurnOn
                0x0000000000019e23                P_SpawnGlowingLight
 .text          0x0000000000019e7f     0x14b9 build/p_map.o
                0x0000000000019e7f                PIT_StompThing
                0x0000000000019ef7                PIT_CheckLine
                0x000000000001a0c8                PIT_CheckThing
                0x000000000001a281                PTR_SlideTraverse
                0x000000000001a338                PTR_AimTraverse
                0x000000000001a495                PTR_ShootTraverse
                0x000000000001a751                PTR_UseTraverse
                0x000000000001a7ba                PIT_RadiusAttack
                0x000000000001a859                P_TeleportMove
                0x000000000001a9c4                P_CheckPosition
                0x000000000001ab69                P_TryMove
                0x000000000001acca                P_ThingHeightClip
                0x000000000001ad26                PIT_ChangeSector
                0x000000000001ae00                P_HitSlideLine
                0x000000000001aedf                P_SlideMove
                0x000000000001b0c5                P_AimLineAttack
                0x000000000001b174                P_LineAttack
                0x000000000001b1f3                P_UseLines
                0x000000000001b242                P_RadiusAttack
                0x000000000001b2dd                P_ChangeSector
 .text          0x000000000001b338      0xac1 build/p_maputl.o
                0x000000000001b3d9                P_AproxDistance
                0x000000000001b3fc                P_PointOnLineSide
                0x000000000001b469                P_BoxOnLineSide
                0x000000000001b531                P_PointOnDivlineSide
                0x000000000001b5b0                P_MakeDivline
                0x000000000001b5ce                P_InterceptVector
                0x000000000001b648                PIT_AddLineIntercepts
                0x000000000001b78c                PIT_AddThingIntercepts
                0x000000000001b89e                P_LineOpening
                0x000000000001b8e3                P_UnsetThingPosition
                0x000000000001b984                P_SetThingPosition
                0x000000000001ba32                P_BlockLinesIterator
                0x000000000001bab1                P_BlockThingsIterator
                0x000000000001bb0a                P_TraverseIntercepts
                0x000000000001bb8a                P_PathTraverse
 .text          0x000000000001bdf9     0x109e build/p_mobj.o
                0x000000000001bdf9                P_SpawnMobj
                0x000000000001bf2a                P_RemoveMobj
                0x000000000001bfc2                P_SetMobjState
                0x000000000001c042                P_ExplodeMissile
                0x000000000001c0c3                P_ZMovement
                0x000000000001c248                P_XYMovement
                0x000000000001c48a                P_NightmareRespawn
                0x000000000001c59c                P_MobjThinker
                0x000000000001c658                P_RespawnSpecials
                0x000000000001c788                P_SpawnPlayer
                0x000000000001c8ba                P_SpawnMapThing
                0x000000000001caa9                P_SpawnPuff
                0x000000000001cb3c                P_SpawnBlood
                0x000000000001cbe0                P_CheckMissileSpawn
                0x000000000001cc41                P_SubstNullMobj
                0x000000000001cc6c                P_SpawnMissile
                0x000000000001cd78                P_SpawnPlayerMissile
 .text          0x000000000001ce97      0x43e build/p_plats.o
                0x000000000001ce97                P_ActivateInStasis
                0x000000000001ced9                EV_StopPlat
                0x000000000001cf20                P_AddActivePlat
                0x000000000001cf52                EV_DoPlat
                0x000000000001d155                P_RemoveActivePlat
                0x000000000001d1a4                T_PlatRaise
 .text          0x000000000001d2d5      0xc06 build/p_pspr.o
                0x000000000001d2f3                P_SetPsprite
                0x000000000001d3a6                P_CalcSwing
                0x000000000001d3f6                P_BringUpWeapon
                0x000000000001d45a                P_CheckAmmo
                0x000000000001d58c                P_FireWeapon
                0x000000000001d5d4                P_DropWeapon
                0x000000000001d5f1                A_WeaponReady
                0x000000000001d703                A_ReFire
                0x000000000001d734                A_CheckReload
                0x000000000001d73d                A_Lower
                0x000000000001d77f                A_Raise
                0x000000000001d7b6                A_GunFlash
                0x000000000001d7eb                A_Punch
                0x000000000001d89e                A_Saw
                0x000000000001d99d                A_FireMissile
                0x000000000001d9cb                A_FireBFG
                0x000000000001d9f9                A_FirePlasma
                0x000000000001da4b                P_BulletSlope
                0x000000000001dab4                P_GunShot
                0x000000000001db1c                A_FirePistol
                0x000000000001db89                A_FireShotgun
                0x000000000001dbf9                A_FireShotgun2
                0x000000000001dcd3                A_FireCGun
                0x000000000001dd80                A_Light0
                0x000000000001dd8d                A_Light1
                0x000000000001dd9c                A_Light2
                0x000000000001ddab                A_BFGSpray
                0x000000000001de49                A_BFGsound
                0x000000000001de5a                P_SetupPsprites
                0x000000000001de7c                P_MovePsprites
 .text          0x000000000001dedb     0x1776 build/p_saveg.o
                0x000000000001e11f                P_TempSaveGameFile
                0x000000000001e15d                P_SaveGameFile
                0x000000000001e21c                P_WriteSaveGameHeader
                0x000000000001e329                P_ReadSaveGameHeader
                0x000000000001e43b                P_ReadSaveGameEOF
                0x000000000001e44f                P_WriteSaveGameEOF
                0x000000000001e45d                P_ArchivePlayers
                0x000000000001e6d3                P_UnArchivePlayers
                0x000000000001e95a                P_ArchiveWorld
                0x000000000001ea56                P_UnArchiveWorld
                0x000000000001eb61                P_ArchiveThinkers
                0x000000000001ed5c                P_UnArchiveThinkers
                0x000000000001f003                P_ArchiveSpecials
                0x000000000001f277                P_UnArchiveSpecials
 .text          0x000000000001f651      0xd8f build/p_setup.o
                0x000000000001f651                P_LoadVertexes
                0x000000000001f6c5                GetSectorAtNullAddress
                0x000000000001f717                P_LoadSegs
                0x000000000001f852                P_LoadSubsectors
                0x000000000001f8e0                P_LoadSectors
                0x000000000001f9bd                P_LoadNodes
                0x000000000001fa8c                P_LoadThings
                0x000000000001fb60                P_LoadLineDefs
                0x000000000001fcd8                P_LoadSideDefs
                0x000000000001fdbe                P_LoadBlockMap
                0x000000000001fe57                P_GroupLines
                0x00000000000200c4                P_SetupLevel
                0x00000000000203c4                P_Init
 .text          0x00000000000203e0      0x43f build/p_sight.o
                0x00000000000203e0                P_DivlineSide
                0x000000000002044c                P_InterceptVector2
                0x00000000000204c6                P_CrossSubsector
                0x00000000000206bd                P_CrossBSPNode
                0x000000000002074c                P_CheckSight
 .text          0x000000000002081f      0xdca build/p_spec.o
                0x000000000002081f                P_InitPicAnims
                0x0000000000020915                getSide
                0x0000000000020947                getSector
                0x000000000002097d                twoSided
                0x00000000000209a1                getNextSector
                0x00000000000209bb                P_FindLowestFloorSurrounding
                0x00000000000209f4                P_FindHighestFloorSurrounding
                0x0000000000020a30                P_FindNextHighestFloor
                0x0000000000020af8                P_FindLowestCeilingSurrounding
                0x0000000000020b35                P_FindHighestCeilingSurrounding
                0x0000000000020b6f                P_FindSectorFromLineTag
                0x0000000000020ba9                P_FindMinSurroundingLight
                0x0000000000020be4                P_CrossSpecialLine
                0x0000000000020f38                P_ShootSpecialLine
                0x0000000000020fa7                P_PlayerInSpecialSector
                0x0000000000021091                P_UpdateSpecials
                0x00000000000211fb                EV_DoDonut
                0x0000000000021435                P_SpawnSpecials
 .text          0x00000000000215e9      0x568 build/p_switch.o
                0x00000000000215e9                P_InitSwitchList
                0x0000000000021691                P_StartButton
                0x0000000000021708                P_ChangeSwitchTexture
                0x0000000000021863                P_UseSpecialLine
 .text          0x0000000000021b51      0x189 build/p_telept.o
                0x0000000000021b51                EV_Teleport
 .text          0x0000000000021cda      0x133 build/p_tick.o
                0x0000000000021cda                P_InitThinkers
                0x0000000000021cf4                P_AddThinker
                0x0000000000021d19                P_RemoveThinker
                0x0000000000021d26                P_AllocateThinker
                0x0000000000021d2b                P_RunThinkers
                0x0000000000021d7b                P_Ticker
 .text          0x0000000000021e0d      0x49c build/p_user.o
                0x0000000000021e0d                P_Thrust
                0x0000000000021e58                P_CalcHeight
                0x0000000000021f5b                P_MovePlayer
                0x0000000000021feb                P_DeathThink
                0x00000000000220b7                P_PlayerThink
 .text          0x00000000000222a9      0x532 build/r_bsp.o
                0x00000000000222a9                R_ClearDrawSegs
                0x00000000000222bc                R_ClipSolidWallSegment
                0x00000000000223ba                R_ClipPassWallSegment
                0x0000000000022419                R_ClearClipSegs
                0x000000000002244d                R_AddLine
                0x000000000002255f                R_CheckBBox
                0x0000000000022684                R_Subsector
                0x000000000002274d                R_RenderBSPNode
 .text          0x00000000000227db      0xe19 build/r_data.o
                0x00000000000227db                R_DrawColumnInCache
                0x000000000002282d                R_GenerateComposite
                0x0000000000022949                R_GenerateLookup
                0x0000000000022af3                R_GetColumn
                0x0000000000022b65                R_InitTextures
                0x00000000000230c0                R_InitFlats
                0x000000000002312a                R_InitSpriteLumps
                0x0000000000023226                R_InitColormaps
                0x000000000002324c                R_InitData
                0x0000000000023281                R_FlatNumForName
                0x00000000000232ee                R_CheckTextureNumForName
                0x0000000000023346                R_TextureNumForName
                0x0000000000023372                R_PrecacheLevel
 .text          0x00000000000235f4      0xbaf build/r_draw.o
                0x00000000000235f4                R_DrawColumn
                0x00000000000236ad                R_DrawColumnLow
                0x0000000000023785                R_DrawFuzzColumn
                0x000000000002386d                R_DrawFuzzColumnLow
                0x000000000002398d                R_DrawTranslatedColumn
                0x0000000000023a51                R_DrawTranslatedColumnLow
                0x0000000000023b54                R_InitTranslationTables
                0x0000000000023bed                R_DrawSpan
                0x0000000000023ccf                R_DrawSpanLow
                0x0000000000023dde                R_InitBuffer
                0x0000000000023e52                R_FillBackScreen
                0x00000000000240ce                R_VideoErase
                0x00000000000240f6                R_DrawViewBorder
 .text          0x00000000000241a3      0x95e build/r_main.o
                0x00000000000241a3                R_AddPointToBox
                0x00000000000241c6                R_PointOnSide
                0x000000000002423b                R_PointOnSegSide
                0x00000000000242c5                R_PointToAngle
                0x00000000000243c0                R_PointToAngle2
                0x00000000000243df                R_PointToDist
                0x0000000000024444                R_InitPointToAngle
                0x0000000000024449                R_ScaleFromGlobalAngle
                0x00000000000244cb                R_InitTables
                0x00000000000244d0                R_InitTextureMapping
                0x00000000000245f5                R_InitLightTables
                0x0000000000024680                R_SetViewSize
                0x000000000002469b                R_ExecuteSetViewSize
                0x000000000002490a                R_Init
                0x0000000000024990                R_PointInSubsector
                0x00000000000249f1                R_SetupFrame
                0x0000000000024ab6                R_RenderPlayerView
 .text          0x0000000000024b01      0x6e1 build/r_plane.o
                0x0000000000024b01                R_InitPlanes
                0x0000000000024b06                R_MapPlane
                0x0000000000024cac                R_ClearPlanes
                0x0000000000024d58                R_FindPlane
                0x0000000000024e6d                R_CheckPlane
                0x0000000000024efe                R_MakeSpans
                0x0000000000024fb1                R_DrawPlanes
 .text          0x00000000000251e2      0xda0 build/r_segs.o
                0x00000000000251e2                R_RenderMaskedSegRange
                0x00000000000253fd                R_RenderSegLoop
                0x000000000002570a                R_StoreWallRange
 .text          0x0000000000025f82        0xf build/r_sky.o
                0x0000000000025f82                R_InitSkyMap
 .text          0x0000000000025f91      0xf4f build/r_things.o
                0x0000000000025f91                R_InstallSpriteLump
                0x00000000000260eb                R_InitSpriteDefs
                0x000000000002633f                R_InitSprites
                0x0000000000026361                R_ClearSprites
                0x0000000000026374                R_NewVisSprite
                0x000000000002639f                R_DrawMaskedColumn
                0x000000000002646a                R_DrawVisSprite
                0x0000000000026593                R_ProjectSprite
                0x000000000002682d                R_AddSprites
                0x0000000000026897                R_DrawPSprite
                0x0000000000026a95                R_DrawPlayerSprites
                0x0000000000026b33                R_SortVisSprites
                0x0000000000026c4a                R_DrawSprite
                0x0000000000026e5c                R_DrawMasked
 .text          0x0000000000026ee0     0x1648 build/sha1.o
                0x00000000000282b0                SHA1_Init
                0x00000000000282de                SHA1_Update
                0x00000000000283b8                SHA1_Final
                0x00000000000284b2                SHA1_UpdateInt32
                0x00000000000284f9                SHA1_UpdateString
 .text          0x0000000000028528       0x66 build/statdump.o
                0x0000000000028528                StatCopy
                0x0000000000028589                StatDump
 .text          0x000000000002858e      0x3b3 build/st_lib.o
                0x000000000002858e                STlib_init
                0x00000000000285ad                STlib_initNum
                0x00000000000285cf                STlib_drawNum
                0x0000000000028713                STlib_updateNum
                0x0000000000028726                STlib_initPercent
                0x000000000002874d                STlib_updatePercent
                0x000000000002877e                STlib_initMultIcon
                0x000000000002879b                STlib_updateMultIcon
                0x000000000002886d                STlib_initBinIcon
                0x0000000000028888                STlib_updateBinIcon
 .text          0x0000000000028941     0x146a build/st_stuff.o
                0x0000000000028cb4                ST_refreshBackground
                0x0000000000028d29                ST_Responder
                0x0000000000029212                ST_calcPainOffset
                0x0000000000029255                ST_updateFaceWidget
                0x0000000000029525                ST_updateWidgets
                0x0000000000029608                ST_Ticker
                0x0000000000029635                ST_doPaletteStuff
                0x00000000000296fb                ST_drawWidgets
                0x000000000002980f                ST_doRefresh
                0x000000000002982c                ST_diffDraw
                0x0000000000029837                ST_Drawer
                0x000000000002987c                ST_loadGraphics
                0x000000000002988c                ST_loadData
                0x00000000000298a6                ST_unloadGraphics
                0x00000000000298b6                ST_unloadData
                0x00000000000298bc                ST_initData
                0x000000000002994f                ST_createWidgets
                0x0000000000029d2d                ST_Stop
                0x0000000000029d60                ST_Start
                0x0000000000029d87                ST_Init
 .text          0x0000000000029dab      0x7a7 build/s_sound.o
                0x0000000000029dab                S_Shutdown
                0x0000000000029eef                S_StopSound
                0x0000000000029f23                S_StartSound
                0x000000000002a115                S_PauseSound
                0x000000000002a13f                S_ResumeSound
                0x000000000002a167                S_UpdateSounds
                0x000000000002a256                S_SetMusicVolume
                0x000000000002a27a                S_SetSfxVolume
                0x000000000002a29e                S_Init
                0x000000000002a33f                S_MusicPlaying
                0x000000000002a348                S_StopMusic
                0x000000000002a3a0                S_ChangeMusic
                0x000000000002a499                S_Start
                0x000000000002a547                S_StartMusic
 .text          0x000000000002a552       0x2a build/tables.o
                0x000000000002a552                SlopeDiv
 .text          0x000000000002a57c      0xbf8 build/v_video.o
                0x000000000002a57c                V_MarkRect
                0x000000000002a5d0                V_CopyRect
                0x000000000002a6a1                V_SetPatchClipCallback
                0x000000000002a6ad                V_DrawPatch
                0x000000000002a7b3                V_DrawPatchFlipped
                0x000000000002a8af                V_DrawPatchDirect
                0x000000000002a8b8                V_DrawTLPatch
                0x000000000002a98e                V_DrawXlaPatch
                0x000000000002aa52                V_DrawAltTLPatch
                0x000000000002ab28                V_DrawShadowedPatch
                0x000000000002ac2d                V_LoadTintTable
                0x000000000002ac4c                V_LoadXlaTable
                0x000000000002ac6b                V_DrawBlock
                0x000000000002acf7                V_DrawFilledBox
                0x000000000002ad36                V_DrawHorizLine
                0x000000000002ad5f                V_DrawVertLine
                0x000000000002ad8f                V_DrawBox
                0x000000000002adcd                V_DrawRawScreen
                0x000000000002ade3                V_Init
                0x000000000002ade8                V_UseBuffer
                0x000000000002adf4                V_RestoreBuffer
                0x000000000002ae07                WritePCXfile
                0x000000000002af0c                V_ScreenShot
                0x000000000002afb9                V_DrawMouseSpeedBox
 .text          0x000000000002b174     0x1da3 build/wi_stuff.o
                0x000000000002b5e9                WI_slamBackground
                0x000000000002b5fd                WI_Responder
                0x000000000002b604                WI_drawLF
                0x000000000002b701                WI_drawEL
                0x000000000002b771                WI_drawOnLnode
                0x000000000002b85c                WI_initAnimatedBack
                0x000000000002b910                WI_updateAnimatedBack
                0x000000000002b9fa                WI_drawAnimatedBack
                0x000000000002ba60                WI_drawNum
                0x000000000002bb2a                WI_drawPercent
                0x000000000002bb69                WI_drawTime
                0x000000000002bc19                WI_initNoState
                0x000000000002bc3a                WI_updateNoState
                0x000000000002bc54                WI_initShowNextLoc
                0x000000000002bc79                WI_updateShowNextLoc
                0x000000000002bcb6                WI_drawShowNextLoc
                0x000000000002bd70                WI_drawNoState
                0x000000000002bd83                WI_fragSum
                0x000000000002bdbd                WI_initDeathmatchStats
                0x000000000002be34                WI_updateDeathmatchStats
                0x000000000002c031                WI_drawDeathmatchStats
                0x000000000002c238                WI_initNetgameStats
                0x000000000002c2da                WI_updateNetgameStats
                0x000000000002c644                WI_drawNetgameStats
                0x000000000002c89f                WI_initStats
                0x000000000002c8fc                WI_updateStats
                0x000000000002cb8a                WI_drawStats
                0x000000000002cc9d                WI_checkForAccelerate
                0x000000000002cd1f                WI_Ticker
                0x000000000002cd9f                WI_loadData
                0x000000000002ce1b                WI_unloadData
                0x000000000002ce2b                WI_End
                0x000000000002ce31                WI_Drawer
                0x000000000002ce74                WI_initVariables
                0x000000000002cee4                WI_Start
 .text          0x000000000002cf17      0x147 build/w_checksum.o
                0x000000000002cf17                W_Checksum
 .text          0x000000000002d05e       0x35 build/w_file.o
                0x000000000002d05e                W_OpenFile
                0x000000000002d07f                W_CloseFile
                0x000000000002d089                W_Read
 .text          0x000000000002d093       0xf8 build/w_file_stdc_unbuffered.o
                0x000000000002d093                W_StdC_Read
 .text          0x000000000002d18b       0x85 build/w_main.o
                0x000000000002d18b                W_ParseCommandLine
 .text          0x000000000002d210      0x6a1 build/w_wad.o
                0x000000000002d210                W_LumpNameHash
                0x000000000002d24a                W_AddFile
                0x000000000002d4ff                W_NumLumps
                0x000000000002d50a                W_CheckNumForName
                0x000000000002d5a4                W_GetNumForName
                0x000000000002d5d0                W_LumpLength
                0x000000000002d5ff                W_ReadLump
                0x000000000002d66b                W_CacheLumpNum
                0x000000000002d70e                W_CacheLumpName
                0x000000000002d72e                W_ReleaseLumpNum
                0x000000000002d781                W_ReleaseLumpName
                0x000000000002d790                W_GenerateHashTable
                0x000000000002d822                W_CheckCorrectIWAD
 .text          0x000000000002d8b1      0x5e0 build/z_zone.o
                0x000000000002d8b1                Z_ClearZone
                0x000000000002d8ec                Z_Init
                0x000000000002d969                Z_Free
                0x000000000002da18                Z_Malloc
                0x000000000002db2f                Z_FreeTags
                0x000000000002db83                Z_DumpHeap
                0x000000000002dc70                Z_FileDumpHeap
                0x000000000002dd41                Z_CheckHeap
                0x000000000002ddc3                Z_ChangeTag2
                0x000000000002de21                Z_ChangeUser
                0x000000000002de51                Z_FreeMemory
                0x000000000002de83                Z_ZoneSize
 *(.gnu.warning)

.fini           0x000000000002de94        0xd
 *(SORT_NONE(.fini))
 .fini          0x000000000002de94        0x8 /usr/lib/gcc/x86_64-linux-gnu/13/../../../x86_64-linux-gnu/crti.o
                0x000000000002de94                _fini
 .fini          0x000000000002de9c        0x5 /usr/lib/gcc/x86_64-linux-gnu/13/../../../x86_64-linux-gnu/crtn.o
                [!provide]                        PROVIDE (__etext = .)
                [!provide]                        PROVIDE (_etext = .)
                [!provide]                        PROVIDE (etext = .)
                0x000000000002e000                . = ALIGN (CONSTANT (MAXPAGESIZE))
                0x000000000002e000                . = SEGMENT_START ("rodata-segment", (ALIGN (CONSTANT (MAXPAGESIZE)) + (. & (CONSTANT (MAXPAGESIZE) - 0x1))))

.rodata         0x000000000002e000    0x18540
 *(.rodata .rodata.* .gnu.linkonce.r.*)
 .rodata.str1.1
                0x000000000002e000     0x7063 build/i_video_fbdev.o
                                        0x18b (size before relaxing)
 .rodata.str1.1
                0x0000000000035063      0x1b9 build/i_input_tty.o
 *fill*         0x0000000000035063       0x1d 
 .rodata        0x0000000000035080      0x100 build/i_input_tty.o
 .rodata.str1.1
                0x0000000000035180       0x15 build/i_main.o
 .rodata.str1.1
                0x0000000000035180       0x67 build/am_map.o
 .rodata        0x0000000000035180       0x40 build/am_map.o
 .rodata.str1.1
                0x00000000000351c0      0x328 build/dstrings.o
 .rodata.str1.1
                0x00000000000351c0      0x196 build/d_iwad.o
 .rodata.str1.1
                0x00000000000351c0       0x6e build/d_loop.o
 .rodata.str1.1
                0x00000000000351c0      0x988 build/d_main.o
 .rodata        0x00000000000351c0       0xd8 build/d_main.o
 .rodata.str1.1
                0x0000000000035298       0x3c build/d_mode.o
 *fill*         0x0000000000035298        0x8 
 .rodata        0x00000000000352a0      0x170 build/d_mode.o
 .rodata.str1.1
                0x0000000000035410      0x16d build/d_net.o
 .rodata.str1.1
                0x0000000000035410     0x1f08 build/f_finale.o
 .rodata.str1.1
                0x0000000000035410      0x369 build/g_game.o
 *fill*         0x0000000000035410       0x10 
 .rodata        0x0000000000035420       0x88 build/g_game.o
 .rodata.cst4   0x00000000000354a8        0x8 build/g_game.o
                                          0x4 (size before relaxing)
 .rodata.str1.1
                0x00000000000354b0      0xc0f build/hu_stuff.o
 .rodata.str1.1
                0x00000000000354b0      0x2b2 build/info.o
 .rodata.str1.1
                0x00000000000354b0       0xa7 build/i_joystick.o
 .rodata.str1.1
                0x00000000000354b0       0x1a build/i_sound.o
 .rodata.str1.1
                0x00000000000354b0      0x20a build/i_system.o
 .rodata        0x00000000000354b0       0x2a build/i_system.o
 .rodata.str1.1
                0x00000000000354da      0xc2b build/m_config.o
 *fill*         0x00000000000354da        0x6 
 .rodata        0x00000000000354e0      0x200 build/m_config.o
 .rodata.str1.1
                0x00000000000356e0      0x630 build/m_controls.o
 .rodata.str1.1
                0x00000000000356e0      0x40f build/m_menu.o
 .rodata.str1.1
                0x00000000000356e0       0xec build/m_misc.o
 .rodata        0x00000000000356e0      0x100 build/m_random.o
 .rodata        0x00000000000357e0       0x30 build/p_ceilng.o
 .rodata        0x0000000000035810       0x40 build/p_doors.o
 .rodata.str1.1
                0x0000000000035850      0x137 build/p_doors.o
 .rodata.str1.1
                0x0000000000035850       0x3b build/p_enemy.o
 .rodata        0x0000000000035850       0x34 build/p_floor.o
 .rodata.str1.1
                0x0000000000035884      0x3d7 build/p_inter.o
 .rodata        0x0000000000035884       0xb4 build/p_inter.o
 .rodata.str1.1
                0x0000000000035938       0x72 build/p_map.o
 .rodata.str1.1
                0x0000000000035938       0x2d build/p_mobj.o
 .rodata.str1.1
                0x0000000000035938       0x45 build/p_plats.o
 .rodata        0x0000000000035938       0x14 build/p_plats.o
 .rodata.str1.1
                0x000000000003594c       0xe1 build/p_saveg.o
 .rodata        0x000000000003594c       0x20 build/p_saveg.o
 .rodata.str1.1
                0x000000000003596c       0x5a build/p_setup.o
 .rodata.str1.1
                0x000000000003596c       0x28 build/p_sight.o
 .rodata.str1.1
                0x000000000003596c      0x242 build/p_spec.o
 .rodata        0x000000000003596c      0x2a8 build/p_spec.o
 .rodata.str1.1
                0x0000000000035c14       0x25 build/p_switch.o
 .rodata        0x0000000000035c14      0x20c build/p_switch.o
 .rodata.str1.1
                0x0000000000035e20       0x23 build/r_bsp.o
 .rodata.str1.1
                0x0000000000035e20      0x12e build/r_data.o
 .rodata.str1.1
                0x0000000000035e20       0xa6 build/r_draw.o
 .rodata.str1.1
                0x0000000000035e20       0xa6 build/r_plane.o
 .rodata.str1.1
                0x0000000000035e20       0x20 build/r_segs.o
 .rodata.str1.1
                0x0000000000035e20      0x1d2 build/r_things.o
 .rodata.str1.1
                0x0000000000035e20      0x191 build/sounds.o
 .rodata.str1.1
                0x0000000000035e20        0xa build/statdump.o
 .rodata.str1.1
                0x0000000000035e20       0x5b build/st_lib.o
 .rodata.str1.1
                0x0000000000035e20      0x1b9 build/st_stuff.o
 .rodata.str1.1
                0x0000000000035e20       0x69 build/s_sound.o
 .rodata        0x0000000000035e20       0x24 build/s_sound.o
 *fill*         0x0000000000035e44       0x1c 
 .rodata        0x0000000000035e60    0x10520 build/tables.o
                0x0000000000035e60                gammatable
                0x0000000000036360                tantoangle
                0x0000000000038380                finesine
                0x0000000000042380                finetangent
 .rodata.str1.1
                0x0000000000046380      0x108 build/v_video.o
 .rodata.cst4   0x0000000000046380        0x4 build/v_video.o
 .rodata.cst16  0x0000000000046380       0x10 build/v_video.o
 .rodata.cst8   0x0000000000046390        0x8 build/v_video.o
 .rodata.str1.1
                0x0000000000046398      0x10b build/wi_stuff.o
 *fill*         0x0000000000046398        0x8 
 .rodata        0x00000000000463a0      0x1a0 build/wi_stuff.o
 .rodata.str1.1
                0x0000000000046540        0x6 build/w_file.o
 .rodata.str1.1
                0x0000000000046540       0x12 build/w_main.o
 .rodata.str1.1
                0x0000000000046540      0x1d0 build/w_wad.o
 .rodata.str1.1
                0x0000000000046540      0x323 build/z_zone.o

.rodata1
 *(.rodata1)

.eh_frame_hdr   0x0000000000046540     0x1a74
 *(.eh_frame_hdr)
 .eh_frame_hdr  0x0000000000046540     0x1a74 /usr/lib/gcc/x86_64-linux-gnu/13/../../../x86_64-linux-gnu/Scrt1.o
                0x0000000000046540                __GNU_EH_FRAME_HDR
 *(.eh_frame_entry .eh_frame_entry.*)

.eh_frame       0x0000000000047fb8     0x7cc4
 *(.eh_frame)
 .eh_frame      0x0000000000047fb8       0x30 /usr/lib/gcc/x86_64-linux-gnu/13/../../../x86_64-linux-gnu/Scrt1.o
                                         0x2c (size before relaxing)
 *fill*         0x0000000000047fe8        0x0 
 .eh_frame      0x0000000000047fe8       0x28 /usr/lib/gcc/x86_64-linux-gnu/13/../../../x86_64-linux-gnu/Scrt1.o
                                         0x40 (size before relaxing)
 .eh_frame      0x0000000000048010       0x18 /usr/lib/gcc/x86_64-linux-gnu/13/../../../x86_64-linux-gnu/Scrt1.o
                                         0x30 (size before relaxing)
 .eh_frame      0x0000000000048028       0x18 /usr/lib/gcc/x86_64-linux-gnu/13/../../../x86_64-linux-gnu/Scrt1.o
                                         0x30 (size before relaxing)
 .eh_frame      0x0000000000048040      0x220 build/i_video_fbdev.o
                                        0x238 (size before relaxing)
 .eh_frame      0x0000000000048260       0xb0 build/i_input_tty.o
                                         0xc8 (size before relaxing)
 .eh_frame      0x0000000000048310       0x18 build/i_main.o
                                         0x30 (size before relaxing)
 .eh_frame      0x0000000000048328       0x18 build/dummy.o
                                         0x30 (size before relaxing)
 .eh_frame      0x0000000000048340      0x518 build/am_map.o
                                        0x530 (size before relaxing)
 .eh_frame      0x0000000000048858       0x28 build/d_event.o
                                         0x40 (size before relaxing)
 .eh_frame      0x0000000000048880      0x170 build/d_iwad.o
                                        0x188 (size before relaxing)
 .eh_frame      0x00000000000489f0      0x158 build/d_loop.o
                                        0x170 (size before relaxing)
 .eh_frame      0x0000000000048b48      0x210 build/d_main.o
                                        0x228 (size before relaxing)
 .eh_frame      0x0000000000048d58       0x78 build/d_mode.o
                                         0x90 (size before relaxing)
 .eh_frame      0x0000000000048dd0       0x88 build/d_net.o
                                         0xa0 (size before relaxing)
 .eh_frame      0x0000000000048e58      0x1c8 build/f_finale.o
                                        0x1e0 (size before relaxing)
 .eh_frame      0x0000000000049020      0x180 build/f_wipe.o
                                        0x198 (size before relaxing)
 .eh_frame      0x00000000000491a0      0x5a8 build/g_game.o
                                        0x5c0 (size before relaxing)
 .eh_frame      0x0000000000049748      0x228 build/hu_lib.o
                                        0x240 (size before relaxing)
 .eh_frame      0x0000000000049970      0x148 build/hu_stuff.o
                                        0x160 (size before relaxing)
 .eh_frame      0x0000000000049ab8        0x0 build/i_cdmus.o
                                         0xd0 (size before relaxing)
 .eh_frame      0x0000000000049ab8       0x18 build/i_endoom.o
                                         0x30 (size before relaxing)
 .eh_frame      0x0000000000049ad0       0x78 build/i_joystick.o
                                         0x90 (size before relaxing)
 .eh_frame      0x0000000000049b48        0x0 build/i_scale.o
                                        0x458 (size before relaxing)
 .eh_frame      0x0000000000049b48      0x1c0 build/i_sound.o
                                        0x1d8 (size before relaxing)
 .eh_frame      0x0000000000049d08      0x178 build/i_system.o
                                        0x190 (size before relaxing)
 .eh_frame      0x0000000000049e80       0x88 build/i_timer.o
                                         0xa0 (size before relaxing)
 .eh_frame      0x0000000000049f08        0x0 build/memio.o
                                        0x110 (size before relaxing)
 .eh_frame      0x0000000000049f08       0x98 build/m_argv.o
                                         0xb0 (size before relaxing)
 .eh_frame      0x0000000000049fa0       0x28 build/m_bbox.o
                                         0x40 (size before relaxing)
 .eh_frame      0x0000000000049fc8       0x50 build/m_cheat.o
                                         0x68 (size before relaxing)
 .eh_frame      0x000000000004a018      0x198 build/m_config.o
                                        0x1b0 (size before relaxing)
 .eh_frame      0x000000000004a1b0      0x108 build/m_controls.o
                                        0x120 (size before relaxing)
 .eh_frame      0x000000000004a2b8       0x28 build/m_fixed.o
                                         0x40 (size before relaxing)
 .eh_frame      0x000000000004a2e0      0x678 build/m_menu.o
                                        0x690 (size before relaxing)
 .eh_frame      0x000000000004a958      0x330 build/m_misc.o
                                        0x348 (size before relaxing)
 .eh_frame      0x000000000004ac88       0x40 build/m_random.o
                                         0x58 (size before relaxing)
 .eh_frame      0x000000000004acc8       0xe8 build/p_ceilng.o
                                        0x100 (size before relaxing)
 .eh_frame      0x000000000004adb0      0x120 build/p_doors.o
                                        0x138 (size before relaxing)
 .eh_frame      0x000000000004aed0      0x990 build/p_enemy.o
                                        0x9a8 (size before relaxing)
 .eh_frame      0x000000000004b860       0xf8 build/p_floor.o
                                        0x110 (size before relaxing)
 .eh_frame      0x000000000004b958      0x1a8 build/p_inter.o
                                        0x1c0 (size before relaxing)
 .eh_frame      0x000000000004bb00      0x1b0 build/p_lights.o
                                        0x1c8 (size before relaxing)
 .eh_frame      0x000000000004bcb0      0x3e8 build/p_map.o
                                        0x400 (size before relaxing)
 .eh_frame      0x000000000004c098      0x2d8 build/p_maputl.o
                                        0x2f0 (size before relaxing)
 .eh_frame      0x000000000004c370      0x390 build/p_mobj.o
                                        0x3a8 (size before relaxing)
 .eh_frame      0x000000000004c700      0x100 build/p_plats.o
                                        0x118 (size before relaxing)
 .eh_frame      0x000000000004c800      0x440 build/p_pspr.o
                                        0x458 (size before relaxing)
 .eh_frame      0x000000000004cc40      0x3d0 build/p_saveg.o
                                        0x3e8 (size before relaxing)
 .eh_frame      0x000000000004d010      0x260 build/p_setup.o
                                        0x278 (size before relaxing)
 .eh_frame      0x000000000004d270       0xf8 build/p_sight.o
                                        0x110 (size before relaxing)
 .eh_frame      0x000000000004d368      0x2a0 build/p_spec.o
                                        0x2b8 (size before relaxing)
 .eh_frame      0x000000000004d608       0xc0 build/p_switch.o
                                         0xd8 (size before relaxing)
 .eh_frame      0x000000000004d6c8       0x48 build/p_telept.o
                                         0x60 (size before relaxing)
 .eh_frame      0x000000000004d710       0xa8 build/p_tick.o
                                         0xc0 (size before relaxing)
 .eh_frame      0x000000000004d7b8       0xb8 build/p_user.o
                                         0xd0 (size before relaxing)
 .eh_frame      0x000000000004d870      0x158 build/r_bsp.o
                                        0x170 (size before relaxing)
 .eh_frame      0x000000000004d9c8      0x258 build/r_data.o
                                        0x270 (size before relaxing)
 .eh_frame      0x000000000004dc20      0x188 build/r_draw.o
                                        0x1a0 (size before relaxing)
 .eh_frame      0x000000000004dda8      0x238 build/r_main.o
                                        0x250 (size before relaxing)
 .eh_frame      0x000000000004dfe0      0x150 build/r_plane.o
                                        0x168 (size before relaxing)
 .eh_frame      0x000000000004e130       0xd8 build/r_segs.o
                                         0xf0 (size before relaxing)
 .eh_frame      0x000000000004e208       0x18 build/r_sky.o
                                         0x30 (size before relaxing)
 .eh_frame      0x000000000004e220      0x298 build/r_things.o
                                        0x2b0 (size before relaxing)
 .eh_frame      0x000000000004e4b8      0x110 build/sha1.o
                                        0x128 (size before relaxing)
 .eh_frame      0x000000000004e5c8       0x40 build/statdump.o
                                         0x58 (size before relaxing)
 .eh_frame      0x000000000004e608      0x1c0 build/st_lib.o
                                        0x1d8 (size before relaxing)
 .eh_frame      0x000000000004e7c8      0x2e8 build/st_stuff.o
                                        0x300 (size before relaxing)
 .eh_frame      0x000000000004eab0      0x220 build/s_sound.o
                                        0x238 (size before relaxing)
 .eh_frame      0x000000000004ecd0       0x18 build/tables.o
                                         0x30 (size before relaxing)
 .eh_frame      0x000000000004ece8      0x3d0 build/v_video.o
                                        0x3e8 (size before relaxing)
 .eh_frame      0x000000000004f0b8      0x650 build/wi_stuff.o
                                        0x668 (size before relaxing)
 .eh_frame      0x000000000004f708       0x50 build/w_checksum.o
                                         0x68 (size before relaxing)
 .eh_frame      0x000000000004f758       0x48 build/w_file.o
                                         0x60 (size before relaxing)
 .eh_frame      0x000000000004f7a0       0x90 build/w_file_stdc_unbuffered.o
                                         0xa8 (size before relaxing)
 .eh_frame      0x000000000004f830       0x38 build/w_main.o
                                         0x50 (size before relaxing)
 .eh_frame      0x000000000004f868      0x228 build/w_wad.o
                                        0x240 (size before relaxing)
 .eh_frame      0x000000000004fa90      0x1e8 build/z_zone.o
                                        0x200 (size before relaxing)
 .eh_frame      0x000000000004fc78        0x4 /usr/lib/gcc/x86_64-linux-gnu/13/crtendS.o
 *(.eh_frame.*)

.sframe         0x000000000004fc7c        0x0
 *(.sframe)
 .sframe        0x000000000004fc7c        0x0 /usr/lib/gcc/x86_64-linux-gnu/13/../../../x86_64-linux-gnu/Scrt1.o
 .sframe        0x000000000004fc7c        0x0 /usr/lib/gcc/x86_64-linux-gnu/13/../../../x86_64-linux-gnu/Scrt1.o
 *(.sframe.*)

.gcc_except_table
 *(.gcc_except_table .gcc_except_table.*)

.gnu_extab
 *(.gnu_extab*)

.exception_ranges
 *(.exception_ranges*)
                0x0000000000050610                . = DATA_SEGMENT_ALIGN (CONSTANT (MAXPAGESIZE), CONSTANT (COMMONPAGESIZE))

.eh_frame
 *(.eh_frame)
 *(.eh_frame.*)

.sframe
 *(.sframe)
 *(.sframe.*)

.gnu_extab
 *(.gnu_extab)

.gcc_except_table
 *(.gcc_except_table .gcc_except_table.*)

.exception_ranges
 *(.exception_ranges*)

.tdata          0x0000000000050610        0x0
                [!provide]                        PROVIDE (__tdata_start = .)
 *(.tdata .tdata.* .gnu.linkonce.td.*)

.tbss
 *(.tbss .tbss.* .gnu.linkonce.tb.*)
 *(.tcommon)

.preinit_array  0x0000000000050610        0x0
                [!provide]                        PROVIDE (__preinit_array_start = .)
 *(.preinit_array)
                [!provide]                        PROVIDE (__preinit_array_end = .)

.init_array     0x0000000000050610        0x8
                [!provide]                        PROVIDE (__init_array_start = .)
 *(SORT_BY_INIT_PRIORITY(.init_array.*) SORT_BY_INIT_PRIORITY(.ctors.*))
 *(.init_array EXCLUDE_FILE(*crtend?.o *crtend.o *crtbegin?.o *crtbegin.o) .ctors)
 .init_array    0x0000000000050610        0x8 /usr/lib/gcc/x86_64-linux-gnu/13/crtbeginS.o
                [!provide]                        PROVIDE (__init_array_end = .)

.fini_array     0x0000000000050618        0x8
                [!provide]                        PROVIDE (__fini_array_start = .)
 *(SORT_BY_INIT_PRIORITY(.fini_array.*) SORT_BY_INIT_PRIORITY(.dtors.*))
 *(.fini_array EXCLUDE_FILE(*crtend?.o *crtend.o *crtbegin?.o *crtbegin.o) .dtors)
 .fini_array    0x0000000000050618        0x8 /usr/lib/gcc/x86_64-linux-gnu/13/crtbeginS.o
                [!provide]                        PROVIDE (__fini_array_end = .)

.ctors
 *crtbegin.o(.ctors)
 *crtbegin?.o(.ctors)
 *(EXCLUDE_FILE(*crtend?.o *crtend.o) .ctors)
 *(SORT_BY_NAME(.ctors.*))
 *(.ctors)

.dtors
 *crtbegin.o(.dtors)
 *crtbegin?.o(.dtors)
 *(EXCLUDE_FILE(*crtend?.o *crtend.o) .dtors)
 *(SORT_BY_NAME(.dtors.*))
 *(.dtors)

.jcr
 *(.jcr)

.data.rel.ro    0x0000000000050620      0x5c8
 *(.data.rel.ro.local* .gnu.linkonce.d.rel.ro.local.*)
 .data.rel.ro.local
                0x0000000000050620      0x150 build/d_iwad.o
 *fill*         0x0000000000050770       0x10 
 .data.rel.ro.local
                0x0000000000050780      0x130 build/d_main.o
 *fill*         0x00000000000508b0       0x10 
 .data.rel.ro.local
                0x00000000000508c0       0x30 build/f_wipe.o
 .data.rel.ro.local
                0x00000000000508f0       0x20 build/m_menu.o
 *fill*         0x0000000000050910       0x10 
 .data.rel.ro.local
                0x0000000000050920       0x20 build/wi_stuff.o
 .data.rel.ro.local
                0x0000000000050940       0x40 build/w_wad.o
 *(.data.rel.ro .data.rel.ro.* .gnu.linkonce.d.rel.ro.*)
 .data.rel.ro   0x0000000000050980        0x0 /usr/lib/gcc/x86_64-linux-gnu/13/../../../x86_64-linux-gnu/Scrt1.o
 .data.rel.ro   0x0000000000050980       0x40 build/g_game.o
 .data.rel.ro   0x00000000000509c0      0x228 build/p_maputl.o

.dynamic        0x0000000000050be8      0x1f0
 *(.dynamic)
 .dynamic       0x0000000000050be8      0x1f0 /usr/lib/gcc/x86_64-linux-gnu/13/../../../x86_64-linux-gnu/Scrt1.o
                0x0000000000050be8                _DYNAMIC

.got            0x0000000000050dd8      0x228
 *(.got.plt)
 .got.plt       0x0000000000050dd8      0x1c8 /usr/lib/gcc/x86_64-linux-gnu/13/../../../x86_64-linux-gnu/Scrt1.o
                0x0000000000050dd8                _GLOBAL_OFFSET_TABLE_
 *(.igot.plt)
 *(.got)
 .got           0x0000000000050fa0       0x60 /usr/lib/gcc/x86_64-linux-gnu/13/../../../x86_64-linux-gnu/Scrt1.o
 *(.igot)
                0x0000000000051000                . = DATA_SEGMENT_RELRO_END (., 0x0)

.data           0x0000000000051000    0x13788
 *(.data .data.* .gnu.linkonce.d.*)
 .data.rel.local
                0x0000000000051000        0x8 /usr/lib/gcc/x86_64-linux-gnu/13/crtbeginS.o
                0x0000000000051000                __dso_handle
 .data          0x0000000000051008        0xc build/i_video_fbdev.o
                0x0000000000051008                mouse_threshold
                0x000000000005100c                mouse_acceleration
                0x0000000000051010                fb_scaling
 .data          0x0000000000051014        0xc build/i_input_tty.o
                0x000000000005101c                vanilla_keyboard_mapping
 .data          0x0000000000051020      0x2b0 build/am_map.o
                0x0000000000051080                cheat_amap
                0x00000000000510e0                thintriangle_guy
                0x0000000000051120                triangle_guy
                0x0000000000051160                cheat_player_arrow
                0x0000000000051260                player_arrow
 .data          0x00000000000512d0        0x8 build/doomstat.o
                0x00000000000512d0                gameversion
                0x00000000000512d4                gamemode
 *fill*         0x00000000000512d8        0x8 
 .data.rel.local
                0x00000000000512e0       0x80 build/dstrings.o
                0x00000000000512e0                doom2_endmsg
                0x0000000000051320                doom1_endmsg
 .data          0x0000000000051360       0xd8 build/d_items.o
                0x0000000000051360                weaponinfo
 .data          0x0000000000051438        0x4 build/d_loop.o
 .data          0x000000000005143c        0xc build/d_main.o
                0x0000000000051440                wipegamestate
                0x0000000000051444                show_endoom
 *fill*         0x0000000000051448       0x18 
 .data.rel      0x0000000000051460       0x20 build/d_net.o
 .data.rel.local
                0x0000000000051480      0x3e0 build/f_finale.o
                0x0000000000051480                castorder
 .data          0x0000000000051860      0x14c build/g_game.o
                0x0000000000051860                cpars
                0x00000000000518e0                pars
                0x0000000000051980                vanilla_demo_limit
                0x0000000000051984                vanilla_savegame_limit
                0x0000000000051988                angleturn
                0x0000000000051998                sidemove
                0x00000000000519a0                forwardmove
                0x00000000000519a8                precache
 *fill*         0x00000000000519ac       0x14 
 .data.rel.local
                0x00000000000519c0      0x4f0 build/hu_stuff.o
                0x00000000000519c0                mapnames_commercial
                0x0000000000051cc0                mapnames
                0x0000000000051e40                player_names
                0x0000000000051e60                chat_macros
 *fill*         0x0000000000051eb0       0x10 
 .data          0x0000000000051ec0     0x313c build/info.o
                0x0000000000051ec0                mobjinfo
 *fill*         0x0000000000054ffc        0x4 
 .data.rel      0x0000000000055000     0x9718 build/info.o
                0x0000000000055000                states
 *fill*         0x000000000005e718        0x8 
 .data.rel.local